// Jest Snapshot v1, https://goo.gl/fbAQLP

exports[`AppContainer Component AppContainer should mount without errors 1`] = `
<div>
  <div
    data-testid="appContainer"
  />
</div>
`;
