// Jest Snapshot v1, https://goo.gl/fbAQLP

exports[`AppContainer Component AppContainer should mount without errors 1`] = `
<div>
  <div
    data-testid="appContainer"
  >
    <div>
      <div>
        <span
          class="tag"
        >
          portletNamespace.label
          :
        </span>
        <span
          class="value"
        >
          _portlet_namespace_
        </span>
      </div>
      <div>
        <span
          class="tag"
        >
          contextPath.label
          :
        </span>
        <span
          class="value"
        />
      </div>
      <div>
        <span
          class="tag"
        >
          portletElementId.label
          :
        </span>
        <span
          class="value"
        >
          js-portlet-_portlet_namespace_
        </span>
      </div>
      <div>
        <span
          class="tag"
        >
          configuration.label
          :
        </span>
        <span
          class="pre value"
        >
          {
  "portletInstance": {
    "drink": "orange"
  },
  "system": {}
}
        </span>
      </div>
      <div>
        <button
          class="extended-button"
        >
          extendedButton.label
        </button>
      </div>
    </div>
  </div>
</div>
`;
